// Jest Snapshot v1, https://goo.gl/fbAQLP

exports[`DrinkContainer should render correctly in "debug" mode 1`] = `
<Route>
  <Component />
</Route>
`;
